// Jest Snapshot v1, https://goo.gl/fbAQLP

exports[`Auth Page HTML Render The Same 1`] = `"<div class=\\"row height-100 flex-column flex-md-row ma-0\\"><div class=\\"teal flex-grow-0 flex-md-grow-1 col\\"><h1 class=\\"ml-5 font-weight-bold text--center\\">PushBot</h1></div> <div class=\\"d-flex align-center justify-center col\\"><form novalidate=\\"novalidate\\" class=\\"v-form width-75\\"><div class=\\"row flex-column\\"><div class=\\"col\\"><h2 class=\\"title\\">Log in to your account</h2></div> <div class=\\"col\\"><div class=\\"v-input v-input--dense theme--light v-text-field v-text-field--filled v-text-field--enclosed\\"><div class=\\"v-input__control\\"><div class=\\"v-input__slot\\"><div class=\\"v-input__prepend-inner\\"><div class=\\"v-input__icon v-input__icon--prepend-inner\\"><i aria-hidden=\\"true\\" class=\\"v-icon notranslate mdi mdi-email-outline theme--light\\"></i></div></div><div class=\\"v-text-field__slot\\"><label for=\\"input-3\\" class=\\"v-label theme--light\\" style=\\"right: 0px; position: absolute;\\">Your Email Address</label><input required=\\"required\\" id=\\"input-3\\" type=\\"email\\"></div></div><div class=\\"v-text-field__details\\"><div class=\\"v-messages theme--light\\"><span name=\\"message-transition\\" tag=\\"div\\" class=\\"v-messages__wrapper\\"></span></div></div></div></div> <div class=\\"v-input v-input--dense theme--light v-text-field v-text-field--filled v-text-field--enclosed\\"><div class=\\"v-input__control\\"><div class=\\"v-input__slot\\"><div class=\\"v-input__prepend-inner\\"><div class=\\"v-input__icon v-input__icon--prepend-inner\\"><i aria-hidden=\\"true\\" class=\\"v-icon notranslate mdi mdi-lock-outline theme--light\\"></i></div></div><div class=\\"v-text-field__slot\\"><label for=\\"input-7\\" class=\\"v-label theme--light\\" style=\\"right: 0px; position: absolute;\\">Your Password</label><input required=\\"required\\" id=\\"input-7\\" type=\\"password\\"></div></div><div class=\\"v-text-field__details\\"><div class=\\"v-messages theme--light\\"><span name=\\"message-transition\\" tag=\\"div\\" class=\\"v-messages__wrapper\\"></span></div></div></div></div></div> <div class=\\"col\\"><button type=\\"button\\" class=\\"d-block v-btn v-btn--depressed v-btn--flat v-btn--text theme--light v-size--small\\"><span class=\\"v-btn__content\\">forget your password?</span></button> <button type=\\"button\\" class=\\"d-block v-btn v-btn--depressed v-btn--flat v-btn--text theme--light v-size--small\\"><span class=\\"v-btn__content\\">Don't have an account?</span></button></div> <div class=\\"col\\"><button type=\\"submit\\" class=\\"v-btn v-btn--contained theme--light v-size--default\\" style=\\"width: 100%;\\"><span class=\\"v-btn__content\\">LOGIN</span></button></div> <div class=\\"d-flex col\\"><button type=\\"button\\" class=\\"red flex-grow-1 v-btn v-btn--contained v-btn--tile theme--light v-size--default\\"><span class=\\"v-btn__content\\">GOOGLE</span></button> <button type=\\"button\\" class=\\"black flex-grow-1 v-btn v-btn--contained v-btn--tile theme--light v-size--default\\"><span class=\\"v-btn__content\\">GITHUB</span></button></div></div></form></div></div>"`;
